[template.hasthemes.com/allup/allup/index.html]
[backblue.gif]
[fade.gif]
[index.html]
[template.hasthemes.com/allup/allup/assets/images/favicon.png]
[template.hasthemes.com/allup/allup/assets/css/style.min.css]
[template.hasthemes.com/allup/allup/assets/css/vendor/plugins.min.css]
[template.hasthemes.com/allup/allup/compare.html]
[template.hasthemes.com/allup/allup/wishlist.html]
[template.hasthemes.com/allup/allup/my-account.html]
[template.hasthemes.com/allup/allup/checkout.html]
[template.hasthemes.com/allup/allup/login.html]
[template.hasthemes.com/allup/allup/assets/images/flag/1.jpg]
[template.hasthemes.com/allup/allup/assets/images/flag/2.jpg]
[template.hasthemes.com/allup/allup/assets/images/logo.png]
[template.hasthemes.com/allup/allup/single-product.html]
[template.hasthemes.com/allup/allup/assets/images/product-cart/cart-1.jpg]
[template.hasthemes.com/allup/allup/assets/images/product-cart/cart-2.jpg]
[template.hasthemes.com/allup/allup/shop-left-sidebar.html]
[template.hasthemes.com/allup/allup/assets/images/banner-image.png]
[template.hasthemes.com/allup/allup/index-2.html]
[template.hasthemes.com/allup/allup/index-3.html]
[template.hasthemes.com/allup/allup/index-4.html]
[template.hasthemes.com/allup/allup/about.html]
[template.hasthemes.com/allup/allup/cart.html]
[template.hasthemes.com/allup/allup/register.html]
[template.hasthemes.com/allup/allup/shop-3-column.html]
[template.hasthemes.com/allup/allup/shop-4-column.html]
[template.hasthemes.com/allup/allup/shop-right-sidebar.html]
[template.hasthemes.com/allup/allup/shop-list.html]
[template.hasthemes.com/allup/allup/shop-list-left-sidebar.html]
[template.hasthemes.com/allup/allup/shop-list-right-sidebar.html]
[template.hasthemes.com/allup/allup/single-product-variable.html]
[template.hasthemes.com/allup/allup/single-product-affiliate.html]
[template.hasthemes.com/allup/allup/single-product-group.html]
[template.hasthemes.com/allup/allup/single-product-tabstyle2.html]
[template.hasthemes.com/allup/allup/single-product-tabstyle3.html]
[template.hasthemes.com/allup/allup/single-product-slider.html]
[template.hasthemes.com/allup/allup/single-product-gallery-left.html]
[template.hasthemes.com/allup/allup/single-product-gallery-right.html]
[template.hasthemes.com/allup/allup/single-product-sticky-left.html]
[template.hasthemes.com/allup/allup/single-product-sticky-right.html]
[template.hasthemes.com/allup/allup/assets/images/custom_banner.jpg]
[template.hasthemes.com/allup/allup/blog-grid-left-sidebar.html]
[template.hasthemes.com/allup/allup/blog-grid-right-sidebar.html]
[template.hasthemes.com/allup/allup/blog-list-left-sidebar.html]
[template.hasthemes.com/allup/allup/blog-list-right-sidebar.html]
[template.hasthemes.com/allup/allup/blog-single-left-sidebar.html]
[template.hasthemes.com/allup/allup/blog-single-right-sidebar.html]
[template.hasthemes.com/allup/allup/contact.html]
[template.hasthemes.com/allup/allup/assets/images/slider-1.jpg]
[template.hasthemes.com/allup/allup/assets/images/slider-2.jpg]
[template.hasthemes.com/allup/allup/assets/images/banner-1.png]
[template.hasthemes.com/allup/allup/assets/images/banner-2.png]
[template.hasthemes.com/allup/allup/assets/images/category-1.jpg]
[template.hasthemes.com/allup/allup/assets/images/category-2.jpg]
[template.hasthemes.com/allup/allup/assets/images/category-3.jpg]
[template.hasthemes.com/allup/allup/assets/images/category-4.jpg]
[template.hasthemes.com/allup/allup/assets/images/category-5.jpg]
[template.hasthemes.com/allup/allup/assets/images/category-6.jpg]
[template.hasthemes.com/allup/allup/assets/images/category-7.jpg]
[template.hasthemes.com/allup/allup/assets/images/category-8.jpg]
[template.hasthemes.com/allup/allup/assets/images/category-9.jpg]
[template.hasthemes.com/allup/allup/assets/images/category-10.jpg]
[template.hasthemes.com/allup/allup/assets/images/category-11.jpg]
[template.hasthemes.com/allup/allup/assets/images/category-12.jpg]
[template.hasthemes.com/allup/allup/assets/images/product/product-1.jpg]
[template.hasthemes.com/allup/allup/assets/images/product/product-2.jpg]
[template.hasthemes.com/allup/allup/assets/images/product/product-10.jpg]
[template.hasthemes.com/allup/allup/assets/images/product/product-11.jpg]
[template.hasthemes.com/allup/allup/assets/images/product/product-3.jpg]
[template.hasthemes.com/allup/allup/assets/images/product/product-4.jpg]
[template.hasthemes.com/allup/allup/assets/images/product/product-12.jpg]
[template.hasthemes.com/allup/allup/assets/images/product/product-5.jpg]
[template.hasthemes.com/allup/allup/assets/images/product/product-16.jpg]
[template.hasthemes.com/allup/allup/assets/images/product/product-6.jpg]
[template.hasthemes.com/allup/allup/assets/images/product/product-7.jpg]
[template.hasthemes.com/allup/allup/assets/images/product/product-13.jpg]
[template.hasthemes.com/allup/allup/assets/images/product/product-8.jpg]
[template.hasthemes.com/allup/allup/assets/images/product/product-14.jpg]
[template.hasthemes.com/allup/allup/assets/images/product/product-15.jpg]
[template.hasthemes.com/allup/allup/assets/images/product/product-9.jpg]
[template.hasthemes.com/allup/allup/assets/images/special-products/special-products-1.jpg]
[template.hasthemes.com/allup/allup/assets/images/special-products/special-products-2.jpg]
[template.hasthemes.com/allup/allup/assets/images/special-products/special-products-3.jpg]
[template.hasthemes.com/allup/allup/assets/images/special-products/special-products-4.jpg]
[template.hasthemes.com/allup/allup/assets/images/special-products/special-products-5.jpg]
[template.hasthemes.com/allup/allup/assets/images/special-products/special-products-6.jpg]
[template.hasthemes.com/allup/allup/assets/images/special-products/special-products-8.jpg]
[template.hasthemes.com/allup/allup/assets/images/special-products/special-products-7.jpg]
[template.hasthemes.com/allup/allup/assets/images/brand/brand-1.jpg]
[template.hasthemes.com/allup/allup/assets/images/brand/brand-2.jpg]
[template.hasthemes.com/allup/allup/assets/images/brand/brand-3.jpg]
[template.hasthemes.com/allup/allup/assets/images/brand/brand-4.jpg]
[template.hasthemes.com/allup/allup/assets/images/brand/brand-5.jpg]
[template.hasthemes.com/allup/allup/assets/images/brand/brand-6.jpg]
[template.hasthemes.com/allup/allup/assets/images/banner-icon/icon1.png]
[template.hasthemes.com/allup/allup/assets/images/banner-icon/icon2.png]
[template.hasthemes.com/allup/allup/assets/images/banner-icon/icon3.png]
[template.hasthemes.com/allup/allup/assets/images/banner-icon/icon4.png]
[template.hasthemes.com/allup/allup/assets/images/banner-icon/icon5.png]
[template.hasthemes.com/allup/allup/assets/images/blog-1.jpg]
[template.hasthemes.com/allup/allup/assets/images/blog-2.jpg]
[template.hasthemes.com/allup/allup/assets/images/blog-3.jpg]
[template.hasthemes.com/allup/allup/assets/images/blog-4.jpg]
[template.hasthemes.com/allup/allup/assets/images/bg_testimonial.jpg]
[template.hasthemes.com/allup/allup/assets/images/author-1.png]
[template.hasthemes.com/allup/allup/assets/images/bg-newletter.jpg]
[template.hasthemes.com/allup/allup/assets/images/bg-footer.jpg]
[template.hasthemes.com/allup/allup/assets/images/payment.png]
[template.hasthemes.com/allup/allup/assets/images/product-quick/product-1.jpg]
[template.hasthemes.com/allup/allup/assets/images/product-quick/product-2.jpg]
[template.hasthemes.com/allup/allup/assets/images/product-quick/product-3.jpg]
[template.hasthemes.com/allup/allup/assets/images/product-quick/product-4.jpg]
[template.hasthemes.com/allup/allup/assets/images/product-quick/product-5.jpg]
[template.hasthemes.com/allup/allup/assets/js/vendor/jquery-1.12.4.min.js]
[template.hasthemes.com/allup/allup/assets/js/vendor/modernizr-3.7.1.min.js]
[template.hasthemes.com/allup/allup/index.html]
[template.hasthemes.com/allup/allup/assets/js/plugins.min.js]
[template.hasthemes.com/allup/allup/assets/js/main.js]
[template.hasthemes.com/allup/allup/assets/fonts/ionicons28b5.ttf]
[template.hasthemes.com/allup/allup/assets/fonts/ionicons28b5.eot]
[template.hasthemes.com/allup/allup/assets/fonts/ionicons28b5.woff]
[template.hasthemes.com/allup/allup/assets/fonts/ionicons28b5.svg]
[template.hasthemes.com/allup/allup/assets/fonts/fa-brands-400.eot]
[template.hasthemes.com/allup/allup/assets/fonts/fa-brands-400d41d.eot]
[template.hasthemes.com/allup/allup/assets/fonts/fa-brands-400.woff2]
[template.hasthemes.com/allup/allup/assets/fonts/fa-brands-400.woff]
[template.hasthemes.com/allup/allup/assets/fonts/fa-brands-400.ttf]
[template.hasthemes.com/allup/allup/assets/fonts/fa-brands-400.svg]
[template.hasthemes.com/allup/allup/assets/fonts/fa-light-300.eot]
[template.hasthemes.com/allup/allup/assets/fonts/fa-light-300.woff2]
[template.hasthemes.com/allup/allup/assets/fonts/fa-light-300.woff]
[template.hasthemes.com/allup/allup/assets/fonts/fa-light-300d41d.eot]
[template.hasthemes.com/allup/allup/assets/fonts/fa-light-300.ttf]
[template.hasthemes.com/allup/allup/assets/fonts/fa-regular-400.eot]
[template.hasthemes.com/allup/allup/assets/fonts/fa-light-300.svg]
[template.hasthemes.com/allup/allup/assets/fonts/fa-regular-400.woff2]
[template.hasthemes.com/allup/allup/assets/fonts/fa-regular-400.woff]
[template.hasthemes.com/allup/allup/assets/fonts/fa-regular-400d41d.eot]
[template.hasthemes.com/allup/allup/assets/fonts/fa-regular-400.ttf]
[template.hasthemes.com/allup/allup/assets/fonts/fa-solid-900.woff2]
[template.hasthemes.com/allup/allup/assets/fonts/fa-regular-400.svg]
[template.hasthemes.com/allup/allup/assets/fonts/fa-solid-900d41d.eot]
[template.hasthemes.com/allup/allup/assets/fonts/fa-solid-900.eot]
[template.hasthemes.com/allup/allup/assets/fonts/fa-solid-900.woff]
[template.hasthemes.com/allup/allup/assets/fonts/fa-solid-900.ttf]
[template.hasthemes.com/allup/allup/assets/css/vendor/plugins.min.css]
[template.hasthemes.com/allup/allup/assets/css/style.min.css]
[template.hasthemes.com/allup/allup/compare.html]
[template.hasthemes.com/allup/allup/wishlist.html]
[template.hasthemes.com/allup/allup/my-account.html]
[template.hasthemes.com/allup/allup/checkout.html]
[template.hasthemes.com/allup/allup/login.html]
[template.hasthemes.com/allup/allup/assets/images/icon-1.png]
[template.hasthemes.com/allup/allup/assets/images/icon-2.png]
[template.hasthemes.com/allup/allup/assets/fonts/fa-solid-900.svg]
[template.hasthemes.com/allup/allup/assets/images/icon-3.png]
[template.hasthemes.com/allup/allup/single-product.html]
[template.hasthemes.com/allup/allup/assets/images/banner-13.jpg]
[template.hasthemes.com/allup/allup/assets/images/product/product-17.jpg]
[template.hasthemes.com/allup/allup/assets/images/banner-10.jpg]
[template.hasthemes.com/allup/allup/shop-left-sidebar.html]
[template.hasthemes.com/allup/allup/assets/images/slider-3.jpg]
[template.hasthemes.com/allup/allup/assets/images/slider-4.jpg]
[template.hasthemes.com/allup/allup/assets/images/banner-3.jpg]
[template.hasthemes.com/allup/allup/assets/images/banner-4.jpg]
[template.hasthemes.com/allup/allup/assets/images/banner-5.jpg]
[template.hasthemes.com/allup/allup/assets/images/banner-6.jpg]
[template.hasthemes.com/allup/allup/assets/images/banner-7.jpg]
[template.hasthemes.com/allup/allup/index-2.html]
[template.hasthemes.com/allup/allup/assets/images/logo-white.png]
[template.hasthemes.com/allup/allup/assets/images/slider-5.jpg]
[template.hasthemes.com/allup/allup/assets/images/slider-6.jpg]
[template.hasthemes.com/allup/allup/assets/images/banner-8.jpg]
[template.hasthemes.com/allup/allup/assets/images/banner-9.jpg]
[template.hasthemes.com/allup/allup/index-3.html]
[template.hasthemes.com/allup/allup/assets/images/slider-7.jpg]
[template.hasthemes.com/allup/allup/assets/images/slider-8.jpg]
[template.hasthemes.com/allup/allup/assets/images/banner-11.jpg]
[template.hasthemes.com/allup/allup/assets/images/banner-12.jpg]
[template.hasthemes.com/allup/allup/index-4.html]
[template.hasthemes.com/allup/allup/about.html]
[template.hasthemes.com/allup/allup/cart.html]
[template.hasthemes.com/allup/allup/register.html]
[template.hasthemes.com/allup/allup/shop-3-column.html]
[template.hasthemes.com/allup/allup/shop-4-column.html]
[template.hasthemes.com/allup/allup/shop-right-sidebar.html]
[template.hasthemes.com/allup/allup/shop-list.html]
[template.hasthemes.com/allup/allup/shop-list-left-sidebar.html]
[template.hasthemes.com/allup/allup/shop-list-right-sidebar.html]
[template.hasthemes.com/allup/allup/single-product-variable.html]
[template.hasthemes.com/allup/allup/single-product-affiliate.html]
[template.hasthemes.com/allup/allup/single-product-group.html]
[template.hasthemes.com/allup/allup/single-product-tabstyle2.html]
[template.hasthemes.com/allup/allup/single-product-tabstyle3.html]
[template.hasthemes.com/allup/allup/single-product-slider.html]
[template.hasthemes.com/allup/allup/single-product-gallery-left.html]
[template.hasthemes.com/allup/allup/single-product-gallery-right.html]
[template.hasthemes.com/allup/allup/single-product-sticky-left.html]
[template.hasthemes.com/allup/allup/single-product-sticky-right.html]
[template.hasthemes.com/allup/allup/blog-grid-left-sidebar.html]
[template.hasthemes.com/allup/allup/blog-grid-right-sidebar.html]
[template.hasthemes.com/allup/allup/blog-list-left-sidebar.html]
[template.hasthemes.com/allup/allup/blog-list-right-sidebar.html]
[template.hasthemes.com/allup/allup/assets/images/comment-author.jpg]
[template.hasthemes.com/allup/allup/blog-single-left-sidebar.html]
[template.hasthemes.com/allup/allup/blog-single-right-sidebar.html]
[template.hasthemes.com/allup/allup/contact.html]
[template.hasthemes.com/allup/allup/assets/fonts/ionicons28b5.svg]
[template.hasthemes.com/allup/allup/assets/fonts/fa-brands-400.svg]
[template.hasthemes.com/allup/allup/assets/js/map-script.js]
[template.hasthemes.com/allup/allup/assets/fonts/fa-light-300.svg]
[template.hasthemes.com/allup/allup/assets/fonts/fa-regular-400.svg]
[template.hasthemes.com/allup/allup/assets/fonts/fa-solid-900.svg]
